FAQAS-SEMU-TEST_OUTPUT: x=0, y=0, z=
FAQAS-SEMU-TEST_OUTPUT: result_faqas_semu = 12
