4607632778762754458
4612136378390124954
4614613358185178726
4616639978017495450
4617878467915022336
=====
4607632778762754458
4612136378390124544
4614613358185178726
4616639978017495450
4617878467915022336
=====
