1
2
3
4
5
=====
15
2
3
4
5
=====
1
5
3
4
5
=====
1
2
-15
4
5
=====
1
2
15
4
5
=====
1
2
3
15
5
=====
1
2
3
4
15
=====
