21
1
6
6
25
=====
21
31
6
6
25
=====
21
1
3
6
25
=====
21
1
9
6
25
=====
21
1
6
69
25
=====
21
1
6
6
-15
=====
