21
22
23
24
25
=====
21
25
23
24
25
=====
21
22
23
45
25
=====
21
22
3
24
25
=====
21
22
7
24
25
=====
21
22
23
24
30
=====
