1
2
3
4
5
=====
0
2
3
4
5
=====
1
-1
3
4
5
=====
1
6
3
4
5
=====
1
2
2
4
5
=====
1
2
3
4
4
=====
