1
2
3
4
5
=====
11
2
3
4
5
=====
1
12
3
4
5
=====
1
2
13
4
5
=====
1
2
3
14
5
=====
1
2
3
4
15
=====
