vectorA before
103
-223
532
87
-278
vectorB before
103.2
-134.78
532.897
-23.7
100
vectorC before
188.99
178.678
-567
444.56
-42
Remaining cycles: 10
vectorA
3
-123
432
-13
-178
vectorB
3.2
-34.78
432.897
-13.7
0
vectorC
88.99
78.678
-467
344.56
58
Remaining cycles: 9
vectorA
13
-23
332
-3
-78
vectorB
13.2
-24.78
332.897
-3.7
10
vectorC
-11.01
-21.322
-367
244.56
48
Remaining cycles: 8
vectorA
14
-13
232
7
22
vectorB
14.2
-14.78
232.897
6.3
15
vectorC
-1.01
-11.322
-267
144.56
38
Remaining cycles: 7
vectorA
15
-3
132
12
17
vectorB
14.2
-4.78
132.897
11.3
15
vectorC
8.99
-1.322
-167
44.56
28
Remaining cycles: 6
vectorA
15
7
32
13
16
vectorB
14.2
5.22
32.897
12.3
15
vectorC
13.99
8.678
-67
34.56
18
Remaining cycles: 5
vectorA
15
12
22
14
15
vectorB
14.2
10.22
22.897
13.3
15
vectorC
14.99
13.678
33
24.56
17
Remaining cycles: 4
vectorA
15
13
17
15
15
vectorB
14.2
11.22
17.897
14.3
15
vectorC
14.99
14.678
23
19.56
16
Remaining cycles: 3
vectorA
15
14
16
15
15
vectorB
14.2
12.22
16.897
14.3
15
vectorC
14.99
14.678
18
18.56
15
Remaining cycles: 2
vectorA
15
15
15
15
15
vectorB
14.2
13.22
15.897
14.3
15
vectorC
14.99
14.678
17
17.56
15
Remaining cycles: 1
vectorA
15
15
15
15
15
vectorB
14.2
14.22
15.897
14.3
15
vectorC
14.99
14.678
16
16.56
15
vectorA after
15
15
15
15
15
vectorB after
14.2
14.22
15.897
14.3
15
vectorC after
14.99
14.678
16
16.56
15
=====
vectorA before
103
-223
532
87
-278
vectorB before
103.2
-134.78
532.897
-23.7
100
vectorC before
188.99
178.678
-567
444.56
-42
Remaining cycles: 10
vectorA
3
-123
432
-13
-178
vectorB
3.2
-34.78
432.897
-13.7
0
vectorC
88.99
78.678
-467
344.56
58
Remaining cycles: 9
vectorA
13
-23
332
-3
-78
vectorB
13.2
-24.78
332.897
-3.7
10
vectorC
-11.01
-21.322
-367
244.56
48
Remaining cycles: 8
vectorA
14
-13
232
7
22
vectorB
14.2
-14.78
232.897
6.3
15
vectorC
-1.01
-11.322
-267
144.56
38
Remaining cycles: 7
vectorA
15
-3
132
12
17
vectorB
14.2
-4.78
132.897
11.3
15
vectorC
8.99
-1.322
-167
44.56
28
Remaining cycles: 6
vectorA
15
7
32
13
16
vectorB
14.2
5.22
32.897
12.3
15
vectorC
13.99
8.678
-67
34.56
18
Remaining cycles: 5
vectorA
15
12
22
14
15
vectorB
14.2
10.22
22.897
13.3
15
vectorC
14.99
13.678
33
24.56
17
Remaining cycles: 4
vectorA
15
13
17
15
15
vectorB
14.2
11.22
17.897
14.3
15
vectorC
14.99
14.678
23
19.56
16
Remaining cycles: 3
vectorA
15
14
16
15
15
vectorB
14.2
12.22
16.897
14.3
15
vectorC
14.99
14.678
18
18.56
15
Remaining cycles: 2
vectorA
15
15
15
15
15
vectorB
14.2
13.22
15.897
14.3
15
vectorC
14.99
14.678
17
17.56
15
Remaining cycles: 1
vectorA
15
15
15
15
15
vectorB
14.2
14.22
15.897
14.3
15
vectorC
14.99
14.678
16
16.56
15
vectorA after
15
15
15
15
15
vectorB after
14.2
14.22
15.897
14.3
15
vectorC after
14.99
14.678
16
16.56
15
=====
vectorA before
103
-223
532
87
-278
vectorB before
103.2
-134.78
532.897
-23.7
100
vectorC before
188.99
178.678
-567
444.56
-42
Remaining cycles: 10
vectorA
3
-323
432
-13
-178
vectorB
3.2
-34.78
432.897
-13.7
0
vectorC
88.99
78.678
-467
344.56
58
Remaining cycles: 9
vectorA
13
-423
332
-3
-78
vectorB
13.2
-24.78
332.897
-3.7
10
vectorC
-11.01
-21.322
-367
244.56
48
Remaining cycles: 8
vectorA
14
-523
232
7
22
vectorB
14.2
-14.78
232.897
6.3
15
vectorC
-1.01
-11.322
-267
144.56
38
Remaining cycles: 7
vectorA
15
-623
132
12
17
vectorB
14.2
-4.78
132.897
11.3
15
vectorC
8.99
-1.322
-167
44.56
28
Remaining cycles: 6
vectorA
15
-723
32
13
16
vectorB
14.2
5.22
32.897
12.3
15
vectorC
13.99
8.678
-67
34.56
18
Remaining cycles: 5
vectorA
15
-823
22
14
15
vectorB
14.2
10.22
22.897
13.3
15
vectorC
14.99
13.678
33
24.56
17
Remaining cycles: 4
vectorA
15
-923
17
15
15
vectorB
14.2
11.22
17.897
14.3
15
vectorC
14.99
14.678
23
19.56
16
Remaining cycles: 3
vectorA
15
-1023
16
15
15
vectorB
14.2
12.22
16.897
14.3
15
vectorC
14.99
14.678
18
18.56
15
Remaining cycles: 2
vectorA
15
-1013
15
15
15
vectorB
14.2
13.22
15.897
14.3
15
vectorC
14.99
14.678
17
17.56
15
Remaining cycles: 1
vectorA
15
-1003
15
15
15
vectorB
14.2
14.22
15.897
14.3
15
vectorC
14.99
14.678
16
16.56
15
vectorA after
15
-1003
15
15
15
vectorB after
14.2
14.22
15.897
14.3
15
vectorC after
14.99
14.678
16
16.56
15
=====
vectorA before
103
-223
532
87
-278
vectorB before
103.2
-134.78
532.897
-23.7
100
vectorC before
188.99
178.678
-567
444.56
-42
Remaining cycles: 10
vectorA
3
-323
432
-13
-178
vectorB
3.2
-34.78
432.897
-13.7
0
vectorC
88.99
78.678
-467
344.56
58
Remaining cycles: 9
vectorA
13
-423
332
-3
-78
vectorB
13.2
-24.78
332.897
-3.7
10
vectorC
-11.01
-21.322
-367
244.56
48
Remaining cycles: 8
vectorA
14
-523
232
7
22
vectorB
14.2
-14.78
232.897
6.3
15
vectorC
-1.01
-11.322
-267
144.56
38
Remaining cycles: 7
vectorA
15
-623
132
12
17
vectorB
14.2
-4.78
132.897
11.3
15
vectorC
8.99
-1.322
-167
44.56
28
Remaining cycles: 6
vectorA
15
-723
32
13
16
vectorB
14.2
5.22
32.897
12.3
15
vectorC
13.99
8.678
-67
34.56
18
Remaining cycles: 5
vectorA
15
-823
22
14
15
vectorB
14.2
10.22
22.897
13.3
15
vectorC
14.99
13.678
33
24.56
17
Remaining cycles: 4
vectorA
15
-923
17
15
15
vectorB
14.2
11.22
17.897
14.3
15
vectorC
14.99
14.678
23
19.56
16
Remaining cycles: 3
vectorA
15
-1023
16
15
15
vectorB
14.2
12.22
16.897
14.3
15
vectorC
14.99
14.678
18
18.56
15
Remaining cycles: 2
vectorA
15
-1013
15
15
15
vectorB
14.2
13.22
15.897
14.3
15
vectorC
14.99
14.678
17
17.56
15
Remaining cycles: 1
vectorA
15
-1003
15
15
15
vectorB
14.2
14.22
15.897
14.3
15
vectorC
14.99
14.678
16
16.56
15
vectorA after
15
-1003
15
15
15
vectorB after
14.2
14.22
15.897
14.3
15
vectorC after
14.99
14.678
16
16.56
15
=====
vectorA before
103
-223
532
87
-278
vectorB before
103.2
-134.78
532.897
-23.7
100
vectorC before
188.99
178.678
-567
444.56
-42
Remaining cycles: 10
vectorA
3
-123
432
-13
-178
vectorB
3.2
-34.78
432.897
-13.7
0
vectorC
88.99
78.678
-467
344.56
58
Remaining cycles: 9
vectorA
13
-23
332
-3
-78
vectorB
13.2
-24.78
332.897
-3.7
10
vectorC
-11.01
-21.322
-367
244.56
48
Remaining cycles: 8
vectorA
14
-13
232
7
22
vectorB
14.2
-14.78
232.897
6.3
15
vectorC
-1.01
-11.322
-267
144.56
38
Remaining cycles: 7
vectorA
15
-3
132
12
17
vectorB
14.2
-4.78
132.897
11.3
15
vectorC
8.99
-1.322
-167
44.56
28
Remaining cycles: 6
vectorA
15
7
32
13
16
vectorB
14.2
5.22
32.897
12.3
15
vectorC
13.99
8.678
-67
34.56
18
Remaining cycles: 5
vectorA
15
12
22
14
15
vectorB
14.2
10.22
22.897
13.3
15
vectorC
14.99
13.678
33
24.56
17
Remaining cycles: 4
vectorA
15
13
17
15
15
vectorB
14.2
11.22
17.897
14.3
15
vectorC
14.99
14.678
23
19.56
16
Remaining cycles: 3
vectorA
15
14
16
15
15
vectorB
14.2
12.22
16.897
14.3
15
vectorC
14.99
14.678
18
18.56
15
Remaining cycles: 2
vectorA
15
15
15
15
15
vectorB
14.2
13.22
15.897
14.3
15
vectorC
14.99
14.678
17
17.56
15
Remaining cycles: 1
vectorA
15
15
15
15
15
vectorB
14.2
14.22
15.897
14.3
15
vectorC
14.99
14.678
16
16.56
15
vectorA after
15
15
15
15
15
vectorB after
14.2
14.22
15.897
14.3
15
vectorC after
14.99
14.678
16
16.56
15
=====
vectorA before
103
-223
532
87
-278
vectorB before
103.2
-134.78
532.897
-23.7
100
vectorC before
188.99
178.678
-567
444.56
-42
Remaining cycles: 10
vectorA
3
877
432
-13
-178
vectorB
3.2
-34.78
432.897
-13.7
0
vectorC
88.99
78.678
-467
344.56
58
Remaining cycles: 9
vectorA
13
1777
332
-3
-78
vectorB
13.2
-24.78
332.897
-3.7
10
vectorC
-11.01
-21.322
-367
244.56
48
Remaining cycles: 8
vectorA
14
2677
232
7
22
vectorB
14.2
-14.78
232.897
6.3
15
vectorC
-1.01
-11.322
-267
144.56
38
Remaining cycles: 7
vectorA
15
3577
132
12
17
vectorB
14.2
-4.78
132.897
11.3
15
vectorC
8.99
-1.322
-167
44.56
28
Remaining cycles: 6
vectorA
15
4477
32
13
16
vectorB
14.2
5.22
32.897
12.3
15
vectorC
13.99
8.678
-67
34.56
18
Remaining cycles: 5
vectorA
15
5377
22
14
15
vectorB
14.2
10.22
22.897
13.3
15
vectorC
14.99
13.678
33
24.56
17
Remaining cycles: 4
vectorA
15
6277
17
15
15
vectorB
14.2
11.22
17.897
14.3
15
vectorC
14.99
14.678
23
19.56
16
Remaining cycles: 3
vectorA
15
7177
16
15
15
vectorB
14.2
12.22
16.897
14.3
15
vectorC
14.99
14.678
18
18.56
15
Remaining cycles: 2
vectorA
15
8077
15
15
15
vectorB
14.2
13.22
15.897
14.3
15
vectorC
14.99
14.678
17
17.56
15
Remaining cycles: 1
vectorA
15
8977
15
15
15
vectorB
14.2
14.22
15.897
14.3
15
vectorC
14.99
14.678
16
16.56
15
vectorA after
15
8977
15
15
15
vectorB after
14.2
14.22
15.897
14.3
15
vectorC after
14.99
14.678
16
16.56
15
=====
vectorA before
103
-223
532
87
-278
vectorB before
103.2
-134.78
532.897
-23.7
100
vectorC before
188.99
178.678
-567
444.56
-42
Remaining cycles: 10
vectorA
3
877
432
-13
-178
vectorB
3.2
1.14885e+09
432.897
-13.7
0
vectorC
88.99
78.678
-467
344.56
58
Remaining cycles: 9
vectorA
13
1777
332
-3
-78
vectorB
13.2
1.14885e+09
332.897
-3.7
10
vectorC
-11.01
-21.322
-367
244.56
48
Remaining cycles: 8
vectorA
14
2677
232
7
22
vectorB
14.2
1.14885e+09
232.897
6.3
15
vectorC
-1.01
-11.322
-267
144.56
38
Remaining cycles: 7
vectorA
15
3577
132
12
17
vectorB
14.2
1.14885e+09
132.897
11.3
15
vectorC
8.99
-1.322
-167
44.56
28
Remaining cycles: 6
vectorA
15
4477
32
13
16
vectorB
14.2
1.14885e+09
32.897
12.3
15
vectorC
13.99
8.678
-67
34.56
18
Remaining cycles: 5
vectorA
15
5377
22
14
15
vectorB
14.2
1.14885e+09
22.897
13.3
15
vectorC
14.99
13.678
33
24.56
17
Remaining cycles: 4
vectorA
15
6277
17
15
15
vectorB
14.2
1.14885e+09
17.897
14.3
15
vectorC
14.99
14.678
23
19.56
16
Remaining cycles: 3
vectorA
15
7177
16
15
15
vectorB
14.2
1.14885e+09
16.897
14.3
15
vectorC
14.99
14.678
18
18.56
15
Remaining cycles: 2
vectorA
15
8077
15
15
15
vectorB
14.2
1.14884e+09
15.897
14.3
15
vectorC
14.99
14.678
17
17.56
15
Remaining cycles: 1
vectorA
15
8977
15
15
15
vectorB
14.2
1.14884e+09
15.897
14.3
15
vectorC
14.99
14.678
16
16.56
15
vectorA after
15
8977
15
15
15
vectorB after
14.2
1.14884e+09
15.897
14.3
15
vectorC after
14.99
14.678
16
16.56
15
=====
vectorA before
103
-223
532
87
-278
vectorB before
103.2
-134.78
532.897
-23.7
100
vectorC before
188.99
178.678
-567
444.56
-42
Remaining cycles: 10
vectorA
3
-123
432
-13
-178
vectorB
3.2
1.14885e+09
432.897
-13.7
0
vectorC
88.99
178.678
-467
344.56
58
Remaining cycles: 9
vectorA
13
-23
332
-3
-78
vectorB
13.2
1.14885e+09
332.897
-3.7
10
vectorC
-11.01
178.678
-367
244.56
48
Remaining cycles: 8
vectorA
14
-13
232
7
22
vectorB
14.2
1.14885e+09
232.897
6.3
15
vectorC
-1.01
178.678
-267
144.56
38
Remaining cycles: 7
vectorA
15
-3
132
12
17
vectorB
14.2
1.14885e+09
132.897
11.3
15
vectorC
8.99
178.678
-167
44.56
28
Remaining cycles: 6
vectorA
15
7
32
13
16
vectorB
14.2
1.14885e+09
32.897
12.3
15
vectorC
13.99
178.678
-67
34.56
18
Remaining cycles: 5
vectorA
15
12
22
14
15
vectorB
14.2
1.14885e+09
22.897
13.3
15
vectorC
14.99
178.678
33
24.56
17
Remaining cycles: 4
vectorA
15
13
17
15
15
vectorB
14.2
1.14885e+09
17.897
14.3
15
vectorC
14.99
178.678
23
19.56
16
Remaining cycles: 3
vectorA
15
14
16
15
15
vectorB
14.2
1.14885e+09
16.897
14.3
15
vectorC
14.99
178.678
18
18.56
15
Remaining cycles: 2
vectorA
15
15
15
15
15
vectorB
14.2
1.14884e+09
15.897
14.3
15
vectorC
14.99
178.678
17
17.56
15
Remaining cycles: 1
vectorA
15
15
15
15
15
vectorB
14.2
1.14884e+09
15.897
14.3
15
vectorC
14.99
178.678
16
16.56
15
vectorA after
15
15
15
15
15
vectorB after
14.2
1.14884e+09
15.897
14.3
15
vectorC after
14.99
178.678
16
16.56
15
=====
