1
2
3
4
5
=====
1
32
3
4
5
=====
1
512
3
4
5
=====
1
2
48
4
5
=====
1.03125
2
3
4
5
=====
1
2
3
4
80
=====
