1.1
2.2
3.3
4.4
5.5
=====
11.8
2.2
3.3
4.4
5.5
=====
1.1
9.6
3.3
4.4
5.5
=====
1.1
2.2
8.6
4.4
5.5
=====
1.1
2.2
3.3
10.8
5.5
=====
1.1
2.2
3.3
4.4
13
=====
