{
  "1": "src.mut.9.2_1_15.ICR.func1.c",
  "2": "src.mut.9.1_2_15.ICR.func1.c",
  "3": "src.mut.10.2_1_13.ICR.func1.c",
  "4": "src.mut.10.5_3_13.ICR.func1.c",
  "5": "src.mut.10.1_6_13.ICR.func1.c",
  "6": "src.mut.10.3_5_13.ICR.func1.c",
  "7": "src.mut.10.4_2_13.ICR.func1.c",
  "8": "src.mut.10.6_4_13.ICR.func1.c",
  "9": "src.mut.10.5_1_14.AOR.func1.c",
  "10": "src.mut.10.2_3_14.AOR.func1.c",
  "11": "src.mut.10.1_2_14.AOR.func1.c",
  "12": "src.mut.10.4_4_14.AOR.func1.c",
  "13": "src.mut.10.1_1_13.AOD.func1.c",
  "14": "src.mut.10.2_2_14.AOD.func1.c",
  "15": "src.mut.10.3_1_15.UOI.func1.c",
  "16": "src.mut.10.4_3_15.UOI.func1.c",
  "17": "src.mut.10.1_2_15.UOI.func1.c",
  "18": "src.mut.10.2_4_15.UOI.func1.c",
  "19": "src.mut.10.1_1_15.ABS.func1.c",
  "20": "src.mut.10.3_2_28.LVR.func1.c",
  "21": "src.mut.10.2_1_28.LVR.func1.c",
  "22": "src.mut.10.4_8_41.ICR.func1.c",
  "23": "src.mut.10.2_7_41.ICR.func1.c",
  "24": "src.mut.10.3_11_41.ICR.func1.c",
  "25": "src.mut.10.5_9_41.ICR.func1.c",
  "26": "src.mut.10.6_10_41.ICR.func1.c",
  "27": "src.mut.10.1_12_41.ICR.func1.c",
  "28": "src.mut.10.1_6_43.AOR.func1.c",
  "29": "src.mut.10.4_8_43.AOR.func1.c",
  "30": "src.mut.10.2_7_43.AOR.func1.c",
  "31": "src.mut.10.2_5_43.AOD.func1.c",
  "32": "src.mut.10.5_5_43.AOR.func1.c",
  "33": "src.mut.10.1_4_41.AOD.func1.c",
  "34": "src.mut.10.2_6_46.AOD.func1.c",
  "35": "src.mut.10.1_3_41.AOD.func1.c",
  "36": "src.mut.10.4_12_46.AOR.func1.c",
  "37": "src.mut.10.5_9_46.AOR.func1.c",
  "38": "src.mut.10.1_10_46.AOR.func1.c",
  "39": "src.mut.10.2_11_46.AOR.func1.c",
  "40": "src.mut.10.2_8_45.UOI.func1.c",
  "41": "src.mut.10.4_7_45.UOI.func1.c",
  "42": "src.mut.10.1_6_45.UOI.func1.c",
  "43": "src.mut.10.3_5_45.UOI.func1.c",
  "44": "src.mut.10.1_2_45.ABS.func1.c",
  "45": "src.mut.10.3_14_47.ICR.func1.c",
  "46": "src.mut.10.2_13_47.ICR.func1.c",
  "47": "src.mut.10.4_15_47.ICR.func1.c",
  "48": "src.mut.12.1_1_5.SDL.func1.c",
  "49": "src.mut.12.9_4_6.AOR.func1.c",
  "50": "src.mut.12.7_3_6.AOR.func1.c",
  "51": "src.mut.12.10_1_6.AOR.func1.c",
  "52": "src.mut.12.8_2_6.AOR.func1.c",
  "53": "src.mut.12.1_2_8.ABS.func1.c",
  "54": "src.mut.12.1_1_8.LOD.func1.c",
  "55": "src.mut.13.2_1_9.LOD.func1.c",
  "56": "src.mut.13.1_1_9.LCR.func1.c",
  "57": "src.mut.13.1_1_12.ABS.func1.c",
  "58": "src.mut.14.1_1_5.SDL.func1.c",
  "59": "src.mut.14.3_1_9.UOI.func1.c",
  "60": "src.mut.14.1_1_9.ABS.func1.c",
  "61": "src.mut.14.1_2_9.UOI.func1.c",
  "62": "src.mut.14.4_3_9.UOI.func1.c",
  "63": "src.mut.14.2_4_9.UOI.func1.c",
  "64": "src.mut.14.2_3_10.AOR.func1.c",
  "65": "src.mut.14.1_1_9.AOD.func1.c",
  "66": "src.mut.14.3_2_10.AOR.func1.c",
  "67": "src.mut.14.2_2_10.AOD.func1.c",
  "68": "src.mut.14.4_4_10.AOR.func1.c",
  "69": "src.mut.14.2_2_13.ROD.func1.c",
  "70": "src.mut.14.4_3_13.ROR.func1.c",
  "71": "src.mut.14.6_1_13.ROR.func1.c",
  "72": "src.mut.14.1_1_9.ROD.func1.c",
  "73": "src.mut.14.2_5_13.ROR.func1.c",
  "74": "src.mut.14.3_2_13.ROR.func1.c",
  "75": "src.mut.14.5_4_13.ROR.func1.c",
  "76": "src.mut.15.2_1_13.LCR.func1.c",
  "77": "src.mut.15.2_1_13.LOD.func1.c",
  "78": "src.mut.14.7_1_9.ROR.func1.c",
  "79": "src.mut.14.1_1_9.LOD.func1.c",
  "80": "src.mut.14.1_2_11.ABS.func1.c",
  "81": "src.mut.14.1_3_15.ABS.func1.c",
  "82": "src.mut.15.1_6_16.ICR.func1.c",
  "83": "src.mut.15.2_1_16.ICR.func1.c",
  "84": "src.mut.15.6_4_16.ICR.func1.c",
  "85": "src.mut.15.4_2_16.ICR.func1.c",
  "86": "src.mut.15.3_5_16.ICR.func1.c",
  "87": "src.mut.15.5_3_16.ICR.func1.c",
  "88": "src.mut.15.5_1_17.AOR.func1.c",
  "89": "src.mut.15.4_4_17.AOR.func1.c",
  "90": "src.mut.15.2_3_17.AOR.func1.c",
  "91": "src.mut.15.1_2_17.AOR.func1.c",
  "92": "src.mut.15.1_2_16.AOD.func1.c",
  "93": "src.mut.15.2_3_17.AOD.func1.c",
  "94": "src.mut.15.4_8_19.AOR.func1.c",
  "95": "src.mut.15.2_7_19.AOR.func1.c",
  "96": "src.mut.15.2_4_19.AOD.func1.c",
  "97": "src.mut.15.1_1_16.AOD.func1.c",
  "98": "src.mut.15.3_6_19.AOR.func1.c",
  "99": "src.mut.15.1_4_21.ROR.func1.c",
  "100": "src.mut.15.2_2_21.ROD.func1.c",
  "101": "src.mut.15.3_2_21.ROR.func1.c",
  "102": "src.mut.15.6_1_21.ROR.func1.c",
  "103": "src.mut.15.2_5_21.ROR.func1.c",
  "104": "src.mut.15.4_3_21.ROR.func1.c",
  "105": "src.mut.15.2_4_18.UOI.func1.c",
  "106": "src.mut.15.4_3_18.UOI.func1.c",
  "107": "src.mut.15.3_1_18.UOI.func1.c",
  "108": "src.mut.15.1_2_18.UOI.func1.c",
  "109": "src.mut.15.1_1_18.ABS.func1.c",
  "110": "src.mut.15.1_2_20.ABS.func1.c",
  "111": "src.mut.15.2_7_23.ICR.func1.c",
  "112": "src.mut.15.3_11_23.ICR.func1.c",
  "113": "src.mut.15.4_8_23.ICR.func1.c",
  "114": "src.mut.15.6_10_23.ICR.func1.c",
  "115": "src.mut.15.1_12_23.ICR.func1.c",
  "116": "src.mut.15.5_9_23.ICR.func1.c",
  "117": "src.mut.16.1_1_9.SDL.func1.c",
  "118": "src.mut.17.1_1_9.SDL.func1.c",
  "119": "src.mut.17.1_1_13.ABS.func1.c",
  "120": "src.mut.17.4_3_13.UOI.func1.c",
  "121": "src.mut.17.1_2_13.UOI.func1.c",
  "122": "src.mut.17.2_4_13.UOI.func1.c",
  "123": "src.mut.17.3_1_13.UOI.func1.c",
  "124": "src.mut.17.7_1_13.ROR.func1.c",
  "125": "src.mut.17.1_1_15.LCR.func1.c",
  "126": "src.mut.17.2_2_15.LOD.func1.c",
  "127": "src.mut.17.1_1_13.LOD.func1.c",
  "128": "src.mut.17.1_2_18.ABS.func1.c",
  "129": "src.mut.17.2_8_18.UOI.func1.c",
  "130": "src.mut.17.1_6_18.UOI.func1.c",
  "131": "src.mut.17.4_7_18.UOI.func1.c",
  "132": "src.mut.17.3_5_18.UOI.func1.c",
  "133": "src.mut.18.1_1_13.SDL.func1.c",
  "134": "src.mut.18.4_3_19.ICR.func1.c",
  "135": "src.mut.18.3_2_19.ICR.func1.c",
  "136": "src.mut.18.2_1_19.ICR.func1.c",
  "137": "src.mut.23.1_1_5.SDL.func1.c",
  "138": "src.mut.23.2_1_16.ICR.func1.c",
  "139": "src.mut.23.1_2_16.ICR.func1.c",
  "140": "src.mut.23.1_1_19.ABS.func1.c",
  "141": "src.mut.23.4_3_19.UOI.func1.c",
  "142": "src.mut.23.2_4_19.UOI.func1.c",
  "143": "src.mut.23.3_1_19.UOI.func1.c",
  "144": "src.mut.23.1_2_19.UOI.func1.c",
  "145": "src.mut.23.4_2_20.ROR.func1.c",
  "146": "src.mut.23.6_1_20.ROR.func1.c",
  "147": "src.mut.23.2_5_20.ROR.func1.c",
  "148": "src.mut.23.1_1_19.ROD.func1.c",
  "149": "src.mut.23.1_4_20.ROR.func1.c",
  "150": "src.mut.23.2_2_20.ROD.func1.c",
  "151": "src.mut.23.5_3_20.ROR.func1.c",
  "152": "src.mut.23.1_1_19.LOD.func1.c",
  "153": "src.mut.23.2_1_25.LCR.func1.c",
  "154": "src.mut.23.2_2_25.LOD.func1.c",
  "155": "src.mut.23.1_2_21.ABS.func1.c",
  "156": "src.mut.23.2_2_22.AOD.func1.c",
  "157": "src.mut.23.2_3_22.AOR.func1.c",
  "158": "src.mut.23.1_1_21.AOD.func1.c",
  "159": "src.mut.23.4_4_22.AOR.func1.c",
  "160": "src.mut.23.3_2_22.AOR.func1.c",
  "161": "src.mut.23.1_3_23.ABS.func1.c",
  "162": "src.mut.23.1_6_28.UOI.func1.c",
  "163": "src.mut.23.4_7_28.UOI.func1.c",
  "164": "src.mut.23.1_4_28.ABS.func1.c",
  "165": "src.mut.23.3_5_28.UOI.func1.c",
  "166": "src.mut.23.2_8_28.UOI.func1.c",
  "167": "src.mut.23.2_4_29.ROD.func1.c",
  "168": "src.mut.23.5_8_29.ROR.func1.c",
  "169": "src.mut.23.4_7_29.ROR.func1.c",
  "170": "src.mut.23.1_9_29.ROR.func1.c",
  "171": "src.mut.23.6_6_29.ROR.func1.c",
  "172": "src.mut.23.2_10_29.ROR.func1.c",
  "173": "src.mut.23.3_7_30.ICR.func1.c",
  "174": "src.mut.23.2_3_30.ICR.func1.c",
  "175": "src.mut.23.5_5_30.ICR.func1.c",
  "176": "src.mut.23.6_6_30.ICR.func1.c",
  "177": "src.mut.23.1_8_30.ICR.func1.c",
  "178": "src.mut.23.4_4_30.ICR.func1.c",
  "179": "src.mut.26.1_1_9.SDL.func1.c",
  "180": "src.mut.26.1_6_14.ICR.func1.c",
  "181": "src.mut.26.5_3_14.ICR.func1.c",
  "182": "src.mut.26.6_4_14.ICR.func1.c",
  "183": "src.mut.26.4_2_14.ICR.func1.c",
  "184": "src.mut.26.3_5_14.ICR.func1.c",
  "185": "src.mut.26.2_1_14.ICR.func1.c",
  "186": "src.mut.27.1_1_9.SDL.func1.c",
  "187": "src.mut.27.8_2_10.AOR.func1.c",
  "188": "src.mut.27.9_4_10.AOR.func1.c",
  "189": "src.mut.27.7_3_10.AOR.func1.c",
  "190": "src.mut.27.1_2_12.ABS.func1.c",
  "191": "src.mut.27.4_8_13.AOR.func1.c",
  "192": "src.mut.27.3_6_13.AOR.func1.c",
  "193": "src.mut.27.1_1_12.AOD.func1.c",
  "194": "src.mut.27.2_2_13.AOD.func1.c",
  "195": "src.mut.27.2_7_13.AOR.func1.c",
  "196": "src.mut.27.1_2_14.UOI.func1.c",
  "197": "src.mut.27.2_4_14.UOI.func1.c",
  "198": "src.mut.27.1_3_14.ABS.func1.c",
  "199": "src.mut.27.3_1_14.UOI.func1.c",
  "200": "src.mut.27.4_3_14.UOI.func1.c",
  "201": "src.mut.31.1_1_19.ABS.func1.c",
  "202": "src.mut.30.6_4_14.ICR.func1.c",
  "203": "src.mut.32.6_4_14.ICR.func1.c",
  "204": "src.mut.32.2_1_14.ICR.func1.c",
  "205": "src.mut.35.2_4_35.UOI.func1.c",
  "206": "src.mut.30.4_2_14.ICR.func1.c",
  "207": "src.mut.34.2_1_14.ICR.func1.c",
  "208": "src.mut.35.1_2_35.UOI.func1.c",
  "209": "src.mut.30.3_5_14.ICR.func1.c",
  "210": "src.mut.30.1_1_9.SDL.func1.c",
  "211": "src.mut.35.3_2_33.AOR.func1.c",
  "212": "src.mut.32.3_5_14.ICR.func1.c",
  "213": "src.mut.30.2_1_14.ICR.func1.c",
  "214": "src.mut.34.3_2_14.ICR.func1.c",
  "215": "src.mut.37.1_2_27.ICR.func1.c",
  "216": "src.mut.35.3_1_35.UOI.func1.c",
  "217": "src.mut.35.2_2_33.AOD.func1.c",
  "218": "src.mut.35.4_4_33.AOR.func1.c",
  "219": "src.mut.35.1_1_19.AOD.func1.c",
  "220": "src.mut.32.1_1_9.SDL.func1.c",
  "221": "src.mut.35.5_1_33.AOR.func1.c",
  "222": "src.mut.36.1_1_9.SDL.func1.c",
  "223": "src.mut.35.1_1_35.ABS.func1.c",
  "224": "src.mut.35.4_3_35.UOI.func1.c",
  "225": "src.mut.34.1_1_9.SDL.func1.c",
  "226": "src.mut.35.2_3_33.AOR.func1.c",
  "227": "src.mut.29.3_1_12.UOI.func1.c",
  "228": "src.mut.29.1_2_12.UOI.func1.c",
  "229": "src.mut.29.4_3_12.UOI.func1.c",
  "230": "src.mut.29.1_1_12.ABS.func1.c",
  "231": "src.mut.29.2_4_12.UOI.func1.c",
  "232": "src.mut.31.1_1_22.SDL.func1.c",
  "233": "src.mut.33.1_1_34.SDL.func1.c",
  "234": "src.mut.35.1_1_38.SDL.func1.c",
  "235": "src.mut.39.2_4_12.UOI.func1.c",
  "236": "src.mut.39.4_3_12.UOI.func1.c",
  "237": "src.mut.39.1_2_12.UOI.func1.c",
  "238": "src.mut.39.3_1_12.UOI.func1.c",
  "239": "src.mut.39.1_1_12.ABS.func1.c"
}