1
2
3
4
5
=====
1
25
3
4
5
=====
1
2
3
4
-15
=====
1
2
3
69
5
=====
1
2
-7
4
5
=====
1
2
7
4
5
=====
