FAQAS-SEMU-TEST-OUTPUT: result_faqas_semu = tv_sec: 15775231, tv_nsec: 0
FAQAS-SEMU-TEST_OUTPUT: result_faqas_semu = -2004
