*********1**********
*********1**********
0
1
2
3
4
*********2**********
*********2**********
1
2
3
4
5
*********3**********
*********3**********
2
3
4
5
6
*********4**********
*********4**********
3
4
5
6
7
=====
*********1**********
*********11**********
0
11
2
3
4
*********2**********
*********12**********
1
12
3
4
5
*********3**********
*********13**********
2
13
4
5
6
*********4**********
*********14**********
3
14
5
6
7
=====
