1.1
2.2
3.3
4.4
5.5
=====
1.1
25.5
3.3
4.4
5.5
=====
1.1
-15.5
3.3
4.4
5.5
=====
1.1
69.69
3.3
4.4
5.5
=====
1.1
-7.5
3.3
4.4
5.5
=====
1.1
7.5
3.3
4.4
5.5
=====
