1
2
3
4
5
=====
12
2
3
4
5
=====
1
10
3
4
5
=====
1
2
8
4
5
=====
1
2
3
10
5
=====
1
2
3
4
12
=====
