1.1
2.2
3.3
4.4
5.5
Mutation
1.1
2.2
3.3
4.4
5.5
=====
1.1
2.2
3.3
4.4
5.5
Mutation
1.1
25.5
3.3
4.4
5.5
=====
1.1
2.2
3.3
4.4
5.5
Mutation
1.1
2.2
-7.5
4.4
5.5
=====
1.1
2.2
3.3
4.4
5.5
Mutation
1.1
2.2
7.5
4.4
5.5
=====
1.1
2.2
3.3
4.4
5.5
Mutation
1.1
2.2
3.3
69.69
5.5
=====
1.1
2.2
3.3
4.4
5.5
Mutation
1.1
2.2
3.3
4.4
-15.5
=====
