1
2
3
4
5
=====
64749
2
3
4
5
=====
1
64750
3
4
5
=====
1
2
64751
4
5
=====
1
2
3
64752
5
=====
1
2
3
4
64753
=====
