1
2
3
4
5
=====
1
0
3
4
5
=====
1
6
3
4
5
=====
1
2
11
4
5
=====
9
2
3
4
5
=====
1
2
3
4
13
=====
