*********1.000000**********
*********1.000000**********
0
1
2
3
4
*********2.000000**********
*********2.000000**********
1
2
3
4
5
*********3.000000**********
*********3.000000**********
2
3
4
5
6
*********4.000000**********
*********4.000000**********
3
4
5
6
7
*********5.000000**********
*********5.000000**********
4
5
6
7
8
*********6.000000**********
*********6.000000**********
5
6
7
8
9
*********7.000000**********
*********7.000000**********
6
7
8
9
10
*********8.000000**********
*********8.000000**********
7
8
9
10
11
*********9.000000**********
*********9.000000**********
8
9
10
11
12
*********10.000000**********
*********10.000000**********
9
10
11
12
13
*********11.000000**********
*********11.000000**********
10
11
12
13
14
=====
*********1.000000**********
*********1.000000**********
0
1
2
3
4
*********2.000000**********
*********1.000000**********
1
1
3
4
5
*********3.000000**********
*********1.000000**********
2
1
4
5
6
*********4.000000**********
*********1.000000**********
3
1
5
6
7
*********5.000000**********
*********1.000000**********
4
1
6
7
8
*********6.000000**********
*********6.000000**********
5
6
7
8
9
*********7.000000**********
*********6.000000**********
6
6
8
9
10
*********8.000000**********
*********6.000000**********
7
6
9
10
11
*********9.000000**********
*********6.000000**********
8
6
10
11
12
*********10.000000**********
*********6.000000**********
9
6
11
12
13
*********11.000000**********
*********11.000000**********
10
11
12
13
14
=====
