1
2
3
4
5
=====
1
25
3
4
5
=====
1
-15
3
4
5
=====
1
69
3
4
5
=====
