*********1**********
*********1**********
0
1
2
3
4
*********2**********
*********2**********
1
2
3
4
5
*********3**********
*********3**********
2
3
4
5
6
*********4**********
*********4**********
3
4
5
6
7
*********5**********
*********5**********
4
5
6
7
8
*********6**********
*********6**********
5
6
7
8
9
*********7**********
*********7**********
6
7
8
9
10
*********8**********
*********8**********
7
8
9
10
11
*********9**********
*********9**********
8
9
10
11
12
*********10**********
*********10**********
9
10
11
12
13
*********11**********
*********11**********
10
11
12
13
14
=====
*********1**********
*********1**********
0
1
2
3
4
*********2**********
*********1**********
1
1
3
4
5
*********3**********
*********1**********
2
1
4
5
6
*********4**********
*********1**********
3
1
5
6
7
*********5**********
*********1**********
4
1
6
7
8
*********6**********
*********6**********
5
6
7
8
9
*********7**********
*********6**********
6
6
8
9
10
*********8**********
*********6**********
7
6
9
10
11
*********9**********
*********6**********
8
6
10
11
12
*********10**********
*********6**********
9
6
11
12
13
*********11**********
*********11**********
10
11
12
13
14
=====
