Compiler test:
...
...
OLD_VALUE
1
...
...
NEW_VALUE
1
...
...
good old c
=====
Compiler test:
...
...
OLD_VALUE
1
...
...
NEW_VALUE
1
...
...
good old c
=====
Compiler test:
...
...
OLD_VALUE
1
...
...
NEW_VALUE
101
...
...
good old c
=====
Compiler test:
...
...
OLD_VALUE
1
...
...
NEW_VALUE
1001
...
...
good old c
=====
Compiler test:
...
...
OLD_VALUE
1
...
...
NEW_VALUE
11
...
...
good old c
=====
Compiler test:
...
...
OLD_VALUE
1
...
...
NEW_VALUE
69696970
...
...
good old c
=====
