vector 1
100
100
100
100
100
100
100
100
100
100
vector 2
100
100
100
100
100
100
100
100
100
100
vector 3
100
100
100
100
100
100
100
100
100
100
=====
vector 1
101
100
100
100
100
100
100
100
100
100
vector 2
100
100
100
100
100
100
100
100
100
100
vector 3
100
100
100
100
100
100
100
100
100
100
=====
vector 1
101
100
100
100
100
100
100
100
100
100
vector 2
100
100
100
100
100
100
100
100
100
100
vector 3
100
100
100
100
100
100
100
100
100
100
=====
vector 1
101
100
100
100
100
100
100
100
100
100
vector 2
100
100
100
100
100
100
100
100
100
100
vector 3
100
100
100
100
100
100
100
100
100
100
=====
vector 1
100
100
100
100
100
100
100
100
100
100
vector 2
102
100
100
100
100
100
100
100
100
100
vector 3
100
100
100
100
100
100
100
100
100
100
=====
vector 1
100
100
100
100
100
100
100
100
100
100
vector 2
102
100
100
100
100
100
100
100
100
100
vector 3
100
100
100
100
100
100
100
100
100
100
=====
vector 1
100
100
100
100
100
100
100
100
100
100
vector 2
102
100
100
100
100
100
100
100
100
100
vector 3
100
100
100
100
100
100
100
100
100
100
=====
vector 1
100
100
100
100
100
100
100
100
100
100
vector 2
100
100
100
100
100
100
100
100
100
100
vector 3
103
100
100
100
100
100
100
100
100
100
=====
vector 1
100
100
100
100
100
100
100
100
100
100
vector 2
100
100
100
100
100
100
100
100
100
100
vector 3
103
100
100
100
100
100
100
100
100
100
=====
vector 1
100
100
100
100
100
100
100
100
100
100
vector 2
100
100
100
100
100
100
100
100
100
100
vector 3
103
100
100
100
100
100
100
100
100
100
=====
