FAQAS-SEMU-TEST-OUTPUT: result_faqas_semu = tv_sec: 4294967295, tv_nsec: 999999999
FAQAS-SEMU-TEST_OUTPUT: result_faqas_semu = 0
