FAQAS-SEMU-TEST-OUTPUT: result_faqas_semu = tv_sec: 4278124287, tv_nsec: 0
FAQAS-SEMU-TEST_OUTPUT: result_faqas_semu = 0
