FAQAS-SEMU-TEST_OUTPUT: buf = 49
FAQAS-SEMU-TEST-OUTPUT: result_faqas_semu = 16842754
