FAQAS-SEMU-TEST_OUTPUT: buf = 51
FAQAS-SEMU-TEST-OUTPUT: result_faqas_semu = 32
