FAQAS-SEMU-TEST_OUTPUT: buf = 48
FAQAS-SEMU-TEST-OUTPUT: result_faqas_semu = 0
