FAQAS-SEMU-TEST_OUTPUT: buf = 56
FAQAS-SEMU-TEST-OUTPUT: result_faqas_semu = 8
