FAQAS-SEMU-TEST_OUTPUT: buf = 55
FAQAS-SEMU-TEST-OUTPUT: result_faqas_semu = 0
