FAQAS-SEMU-TEST_OUTPUT: buf = 52
FAQAS-SEMU-TEST-OUTPUT: result_faqas_semu = 0
