1
2
3
4
5
=====
1
512
3
4
5
=====
1
131072
3
4
5
=====
1
2
3.5
4
5
=====
1.125
2
3
4
5
=====
1
2
3
4
5.03125
=====
