1
2
3
4
5
100
200
300
400
500
=====
0
2
3
4
5
100
200
300
400
500
=====
1
-1
3
4
5
100
200
300
400
500
=====
1
6
3
4
5
100
200
300
400
500
=====
1
2
2
4
5
100
200
300
400
500
=====
1
2
3
4
4
100
200
300
400
500
=====
0
2
3
4
5
69
200
300
400
500
=====
1
2
3
4
5
100
200
300
69
500
=====
