*********1.000000**********
*********1.000000**********
0
1
2
3
4
*********2.000000**********
*********2.000000**********
1
2
3
4
5
*********3.000000**********
*********3.000000**********
2
3
4
5
6
*********4.000000**********
*********4.000000**********
3
4
5
6
7
=====
*********1.000000**********
*********-9.500000**********
0
-9.5
2
3
4
*********2.000000**********
*********-8.500000**********
1
-8.5
3
4
5
*********3.000000**********
*********-7.500000**********
2
-7.5
4
5
6
*********4.000000**********
*********14.500000**********
3
14.5
5
6
7
=====
