*********1**********
*********1**********
0
1
2
3
4
*********1**********
*********1**********
1
2
3
4
5
*********1**********
*********1**********
2
3
4
5
6
*********1**********
*********1**********
3
4
5
6
7
*********1**********
*********1**********
4
5
6
7
8
*********1**********
*********1**********
5
6
7
8
9
*********1**********
*********1**********
6
7
8
9
10
*********1**********
*********1**********
7
8
9
10
11
*********1**********
*********1**********
8
9
10
11
12
*********1**********
*********1**********
9
10
11
12
13
*********1**********
*********1**********
10
11
12
13
14
=====
*********1**********
*********1**********
0
1
2
3
4
*********1**********
*********1**********
1
1
3
4
5
*********1**********
*********1**********
2
1
4
5
6
*********1**********
*********1**********
3
1
5
6
7
*********1**********
*********1**********
4
1
6
7
8
*********1**********
*********1**********
5
6
7
8
9
*********1**********
*********1**********
6
6
8
9
10
*********1**********
*********1**********
7
6
9
10
11
*********1**********
*********1**********
8
6
10
11
12
*********1**********
*********1**********
9
6
11
12
13
*********1**********
*********1**********
10
11
12
13
14
=====
