vector 1
10
20
30
40
50
60
70
80
90
100
vector 2
110
120
130
140
150
160
170
180
190
200
=====
vector 1
109
20
30
40
50
60
70
80
90
100
vector 2
110
120
130
140
150
160
170
180
190
200
=====
vector 1
109
20
30
40
50
60
70
80
90
100
vector 2
110
120
130
140
150
160
170
180
190
200
=====
vector 1
109
20
30
40
50
60
70
80
90
100
vector 2
110
120
130
140
150
160
170
180
190
200
=====
vector 1
10
20
30
40
50
60
70
80
90
100
vector 2
176
120
130
140
150
160
170
180
190
200
=====
vector 1
10
20
30
40
50
60
70
80
90
100
vector 2
176
120
130
140
150
160
170
180
190
200
=====
vector 1
10
20
30
40
50
60
70
80
90
100
vector 2
176
120
130
140
150
160
170
180
190
200
=====
