21
22
23
24
25
=====
21
31
23
24
25
=====
21
22
23
69
25
=====
21
22
3
24
25
=====
21
22
7
24
25
=====
21
22
23
24
54
=====
