1.1
2.2
3.3
4.4
5.5
Mutation
1.1
2.2
3.3
4.4
5.5
=====
1.1
2.2
3.3
4.4
5.5
Mutation
1.1
22.7
3.3
4.4
5.5
=====
