1.1
2.2
3.3
4.4
5.5
=====
-9
2.2
3.3
4.4
5.5
=====
1.1
-7.9
3.3
4.4
5.5
=====
1.1
2.2
13.4
4.4
5.5
=====
1.1
2.2
3.3
14.5
5.5
=====
1.1
2.2
3.3
4.4
15.6
=====
