1
2
3
4
5
=====
-9
2
3
4
5
=====
1
-8
3
4
5
=====
1
2
13
4
5
=====
1
2
3
14
5
=====
1
2
3
4
15
=====
